// Jest Snapshot v1, https://goo.gl/fbAQLP

exports[`matches snapshot 1`] = `
<DocumentFragment>
  <form>
    <label
      for="width"
    >
      Width
    </label>
    <input
      id="width"
      name="width"
      placeholder="Width"
      type="text"
      value=""
    />
    <label
      for="height"
    >
      Height
    </label>
    <input
      id="height"
      name="height"
      placeholder="Height"
      type="text"
      value=""
    />
    <label
      for="backgroundColor"
    >
      Color
    </label>
    <input
      id="backgroundColor"
      name="backgroundColor"
      placeholder="Color"
      type="text"
      value=""
    />
    <button>
      Submit
    </button>
  </form>
</DocumentFragment>
`;
